
> visaensure05@0.1.0 build
> next build

  Γû▓ Next.js 14.2.15

   Creating an optimized production build ...
 Γ£ô Compiled successfully
   Linting and checking validity of types ...
npm : 
At line:1 char:1
+ npm run build > 
build_output.txt 2>&1; 
Get-Content build_output.txt 
- ...
+ ~~~~~~~~~~~~~~~~~~~~~~~~~~~
~~~~~~~~~~
    + CategoryInfo           
   : NotSpecified: (:String  
  ) [], RemoteException
    + FullyQualifiedErrorId  
   : NativeCommandError
 
Failed to compile.

./src/sections/landing/Airpla
ne3DCanvas.tsx
15:13  Error: 'state' is 
defined but never used.  @typ
escript-eslint/no-unused-vars

./src/sections/landing/Airpla
ne3DSection.tsx
4:10  Error: 'Suspense' is 
defined but never used.  @typ
escript-eslint/no-unused-vars

info  - Need to disable some 
ESLint rules? Learn more 
here: https://nextjs.org/docs
/basic-features/eslint#disabl
ing-rules
