src/sections/landing/Airplane3DSection.tsx(14,30): error TS2345: Argument of type 'typeof TextureLoader' is not assignable to parameter of type 'LoaderProto<unknown>'.
  Types of construct signatures are incompatible.
    Type 'new (manager?: LoadingManager | undefined) => TextureLoader' is not assignable to type 'new (...args: any) => Loader<any>'.
      Construct signature return types 'TextureLoader' and 'Loader<any>' are incompatible.
        The types of 'load' are incompatible between these types.
          Type '(url: string, onLoad?: ((data: Texture) => void) | undefined, onProgress?: ((event: ProgressEvent<EventTarget>) => void) | undefined, onError?: ((err: unknown) => void) | undefined) => Texture' is not assignable to type '(url: string, onLoad?: ((result: any) => void) | undefined, onProgress?: ((event: ProgressEvent<EventTarget>) => void) | undefined, onError?: ((event: ErrorEvent) => void) | undefined) => unknown'.
            Types of parameters 'onError' and 'onError' are incompatible.
              Types of parameters 'event' and 'err' are incompatible.
                Type 'unknown' is not assignable to type 'ErrorEvent'.
src/sections/landing/Airplane3DSection.tsx(15,30): error TS2345: Argument of type 'typeof TextureLoader' is not assignable to parameter of type 'LoaderProto<unknown>'.
  Types of construct signatures are incompatible.
    Type 'new (manager?: LoadingManager | undefined) => TextureLoader' is not assignable to type 'new (...args: any) => Loader<any>'.
      Construct signature return types 'TextureLoader' and 'Loader<any>' are incompatible.
        The types of 'load' are incompatible between these types.
          Type '(url: string, onLoad?: ((data: Texture) => void) | undefined, onProgress?: ((event: ProgressEvent<EventTarget>) => void) | undefined, onError?: ((err: unknown) => void) | undefined) => Texture' is not assignable to type '(url: string, onLoad?: ((result: any) => void) | undefined, onProgress?: ((event: ProgressEvent<EventTarget>) => void) | undefined, onError?: ((event: ErrorEvent) => void) | undefined) => unknown'.
            Types of parameters 'onError' and 'onError' are incompatible.
              Types of parameters 'event' and 'err' are incompatible.
                Type 'unknown' is not assignable to type 'ErrorEvent'.
